// Vitest Snapshot v1, https://vitest.dev/guide/snapshot.html

exports[`pages/index.vue > renders in the correct language for the ar locale 1`] = `"<div class="flex items-center justify-center py-20 text-2xl font-medium">تم تسجيل الدخول في الطريق</div>"`;

exports[`pages/index.vue > renders in the correct language for the en locale 1`] = `"<div class="flex items-center justify-center py-20 text-2xl font-medium">Logged in route</div>"`;
